// Jest Snapshot v1, https://goo.gl/fbAQLP

exports[`process-summary-queue inserts an entry into the stats table 1`] = `
Array [
  1,
  Array [
    "122.32",
  ],
]
`;

exports[`process-summary-queue sends an email SNS notification 1`] = `
Array [
  Object {
    "Message": "email",
    "MessageAttributes": Object {
      "pinger_id": Object {
        "DataType": "Number",
        "StringValue": "1",
      },
      "subject": Object {
        "DataType": "String",
        "StringValue": "Jauni PINGER sludinƒÅjumi",
      },
      "template_id": Object {
        "DataType": "String",
        "StringValue": "summary",
      },
      "template_variables": Object {
        "DataType": "String",
        "StringValue": "{\\"is_premium\\":true,\\"limit_reached\\":false,\\"unsubscribe_url\\":\\"https://unsubscribe.brokalys.com/?key=undefined&id=c8bf6e7b-7eba-11eb-b2a8-663c33f40218\\",\\"properties\\":[[\\"https://brokalys.com/\\",100000,2,45,122.32,\\"https://brokalys.com/#/56.9965,24.245176,18/locate-building\\"],[\\"https://brokalys.com/\\",100000,2,45,122.32,\\"https://brokalys.com/#/56.9965,24.245176,18/locate-building\\"],[\\"https://brokalys.com/\\",100000,2,45,122.32,\\"https://brokalys.com/#/56.9965,24.245176,18/locate-building\\"]]}",
      },
      "to": Object {
        "DataType": "String",
        "StringValue": undefined,
      },
    },
    "MessageStructure": "string",
    "TargetArn": "arn:aws:sns:eu-west-1:111111111111:email-dev",
  },
]
`;
